[01;30moperator branch (.handler) get: resume tail
[00;39;49m[00m[01;30moperator branch (.handler) put: resume tail
[00;39;49m[00m[01;30moperator branch (.handler) get1: resume tail
[00;39;49m[00m[01;30moperator branch (.handler) put1: resume tail
[00;39;49m[00m.Op-get : forall<a> .op-get<a>
.Op-get1 : forall<a> .op-get1<a>
.Op-put : forall<a> (i : a) -> .op-put<a>
.Op-put1 : forall<a> (i : a) -> .op-put1<a>
.Ops-get : forall<a,b> (get : .op-get<a>) -> .ops-state<a,a>
.Ops-get1 : forall<a,b> (get1 : .op-get1<a>) -> .ops-state1<a,a>
.Ops-put : forall<a,b> (put : .op-put<a>) -> .ops-state<a,()>
.Ops-put1 : forall<a,b> (put1 : .op-put1<a>) -> .ops-state1<a,()>
.tag-state : string
.tag-state1 : string
comp : () -> div int
count : () -> <state<int>,div> int
count1 : () -> <div,state1<int>> int
fib : (int) -> div int
get : forall<a> () -> (state<a>) a
get1 : forall<a> () -> (state1<a>) a
main : () -> <div,console,ndet> int
n : int
put : forall<a> (i : a) -> (state<a>) ()
put1 : forall<a> (i : a) -> (state1<a>) ()
testD : (int) -> div int
testH : (i0 : int) -> div int
testH1 : (i0 : int) -> div int
testR : (n : int) -> div int