frexp1 : ok: 0.625, 4
fr/ld 1: ok: 1.0000000000000000e+1 == ldexp(0.625, 4 )
fr/ld 1: ok: 1.0000000000000001e-1 == ldexp(0.8, -3 )
fr/ld 3: ok: 1.4821969375237396e-323 == ldexp(0.75, -1072 )
fr/ld 4: ok: 4.9406564584124654e-324 == ldexp(0.5, -1073 )
fr/ld 5: ok: 2.2250738585072014e-308 == ldexp(0.5, -1021 )
fr/ld 6: ok: 1.7976931348623157e+308 == ldexp(1, 1024 )
fr/ld 7: ok: -1.7976931348623157e+308 == ldexp(-1, 1024 )
kahan : ok: 2000