"abc" - "abc"
jaro: 1.00: success
jw : 1.00: success
"" - ""
jaro: 1.00: success
jw : 1.00: success
"" - "abc"
jaro: 0.00: success
jw : 0.00: success
"abc" - ""
jaro: 0.00: success
jw : 0.00: success
"a" - "a"
jaro: 1.00: success
jw : 1.00: success
"a" - "bc"
jaro: 0.00: success
jw : 0.00: success
"martha" - "marhta"
jaro: 0.94: success
jw : 0.96: success
"dixon" - "dicksonx"
jaro: 0.77: success
jw : 0.81: success
"jones" - "johnson"
jaro: 0.79: success
jw : 0.83: success
"abcvwxyz" - "cabvwxyz"
jaro: 0.96: success
jw : 0.96: success
"abcawxyz" - "bcawxyz"
jaro: 0.91: success
jw : 0.91: success
"dunningham" - "cunnigham"
jaro: 0.90: success
jw : 0.90: success
"abroms" - "abrams"
jaro: 0.89: success
jw : 0.92: success
"lampley" - "campley"
jaro: 0.90: success
jw : 0.90: success
"jonathon" - "jonathan"
jaro: 0.92: success
jw : 0.95: success
"jeraldine" - "geraldine"
jaro: 0.93: success
jw : 0.93: success
"dwayne" - "duane"
jaro: 0.82: success
jw : 0.84: success