main : () -> <std/async/asyncx,console,file> ()
test : () -> <std/async/asyncx,console,file> ()