[01;30moperator branch (amb) flip: resume scoped
[00;39;49m[00m.Op-flip : .op-flip
.Ops-flip : forall<a> (flip : .op-flip) -> .ops-amb<bool>
.tag-amb : string
amb : forall<a,e> (action : () -> <amb|e> a) -> e list<a>
dowait : (s : std/time/duration/duration) -> <exn,std/async/async,console> string
flip : () -> amb bool
main : () -> <std/async/async,console,ndet> ()
test : () -> <amb,std/async/async,console,ndet> ()