module parc/parc4
private import std/core/types = std/core/types = "";
private import std/core = std/core = "";
public fun test : (xs : list<maybe<int>>, y : int) -> int
 = fn(xs: list<maybe<int>>, y: int){
 match (xs) {
 (std/core/Cons(((.skip std/core/types/.Box(((std/core/types/Just(((.skip std/core/types/.Box((x: int)) : .Box ) as .box: .Box)) : maybe<int> ) as 
 .pat0: maybe<int>)) : .Box ) as .box: .Box), (.pat1: list<maybe<int>>)) : list<maybe<int>> )
 | std/core/(==.1)(x, y) -> std/core/types/.drop(y);
 (match ((std/core/types/.is-unique(xs))) {
 (std/core/types/True() : bool )
 -> std/core/types/.drop(.pat1);
 std/core/types/.dup(x);
 std/core/types/.drop(.box);
 std/core/types/();
 std/core/types/.free(xs);
 _
 -> std/core/types/.dup(x);
 std/core/types/();
 std/core/types/.dec-ref(xs);
 std/core/types/();
 });
 x;
 (std/core/Cons(((.skip std/core/types/.Box(((std/core/types/Nothing() : maybe<int> ) as .pat3: maybe<int>)) : .Box ) as .box: .Box), (.pat4: list<
 maybe<int>>)) : list<maybe<int>> )
 -> std/core/types/.drop(y);
 (match ((std/core/types/.is-unique(xs))) {
 (std/core/types/True() : bool )
 -> std/core/types/.drop(.pat4);
 std/core/types/.drop(.box);
 std/core/types/();
 std/core/types/.free(xs);
 _
 -> std/core/types/();
 std/core/types/.dec-ref(xs);
 std/core/types/();
 });
 2;
 _
 -> std/core/types/.drop(xs);
 y;
 };
 };