test/algeff/wrong/ops3.kk(47, 9): error: types do not match
 context : j:bool
 term : j
 inferred type: bool
 expected type: int
 because : type cannot be instantiated to match the annotation