ok : forall<a,e> (f : (message : string) -> <exn|e> a) -> ndet ((message : string) -> <exn|e> a)