[01;30moperator branch (new-ref) get: resume tail
[00;39;49m[00m[01;30moperator branch (new-ref) set: resume tail
[00;39;49m[00m42
.Op-get : forall<a> .op-get<a>
.Op-set : forall<a> (value : a) -> .op-set<a>
.Ops-get : forall<a> (get : .op-get<a>) -> .ops-heap<a>
.Ops-set : forall<a> (set : .op-set<a>) -> .ops-heap<a>
.tag-heap : string
get : forall<a> () -> (heap<a>) a
main : () -> console ()
new-ref : forall<a,b,e> (s : a, action : () -> <heap<a>|e> b) -> e b
set : forall<a> (value : a) -> (heap<a>) ()
test : () -> int