42
injectst : forall<a,e,h> (action : () -> e a) -> <st<h>|e> a
main : () -> console ()
xforeach-indexed: forall<a,e> (xs : list<a>, action : (int, a) -> e ()) -> e ()