[01;30moperator branch (fake-file) read: resume tail
[00;39;49m[00m[01;30moperator branch (new-ref) get: resume tail
[00;39;49m[00m[01;30moperator branch (new-ref) set: resume tail
[00;39;49m[00m42
.Con-File : forall<s> (resource<filesys<s>>) -> file<s>
.Con-Ref : forall<s,a> (resource<heap<s>>) -> ref<s,a>
.Op-get : forall<s,a> .op-get<s,a>
.Op-read : forall<s> .op-read<s>
.Op-set : forall<s,a> (value : a) -> .op-set<s,a>
.Ops-get : forall<s,a,b> (get : .op-get<s,a>) -> .ops-ref<s,a,a>
.Ops-read : forall<s,a> (read : .op-read<s>) -> .ops-file<s,string>
.Ops-set : forall<s,a,b> (set : .op-set<s,a>) -> .ops-ref<s,a,()>
.create-file: forall<s> (int) -> file<s>
.create-ref : forall<s,a> (int) -> ref<s,a>
.resource-file: forall<s> (file<s>) -> int
.resource-ref: forall<s,a> (ref<s,a>) -> int
.tag-file : string
.tag-filesys: string
.tag-heap : string
.tag-ref : string
fake-file : forall<s,a,e> (content : string, action : (resource : file<s>) -> <filesys<s>,div|e> a) -> <filesys<s>,div|e> a
filesys : forall<s,a,e> (action : () -> <filesys<s>|e> a) -> e a
get : forall<s,a> (ref<s,a>) -> <div,heap<s>,exn> a
heap : forall<a,e> (action : forall<s> () -> <heap<s>|e> a) -> e a
inject-resource: forall<a,s,b,e> (resource : ref<s,a>, action : () -> <heap<s>|e> b) -> <heap<s>|e> b
inject-resource: forall<s,a,e> (resource : file<s>, action : () -> <filesys<s>|e> a) -> <filesys<s>|e> a
main : () -> <pure,console> ()
new-ref : forall<a,s,b,e> (s : a, action : (resource : ref<s,a>) -> <heap<s>,div|e> b) -> <heap<s>,div|e> b
read : forall<s> (file<s>) -> <div,filesys<s>,exn> string
set : forall<s,a> (ref<s,a>, value : a) -> <div,heap<s>,exn> ()