test/resource/wrong/resource1.kk(24, 3): error: type is not polymorph enough
 context : using heap
 term : using heap
 use r1 = new-ref(36)
 inferred type : forall<s1> () -> <heap<s1>,div> ref<s1,int>
 is less polymorph as: forall<s1> () -> <heap<s1>,div|_e> ref<$s,int>