[6,7,8,9,10,11,12,13,14,15]
 
cgen/specialize/map3/.lift000-test: (y : int, xs0 : list<int>) -> list<int>
cgen/specialize/map3/.lift000-main: (xs : list<int>) -> list<int>
cgen/specialize/map3/.mlift000-map-poly: forall<a,e> (a, list<a>) -> e list<a>
cgen/specialize/map3/.mlift000-map-poly: forall<a,b,e> (f : (a) -> e b, xx : list<a>, b) -> e list<b>
cgen/specialize/map3/main: () -> console ()
cgen/specialize/map3/map-poly: forall<a,b,e> (xs : list<a>, f : (a) -> e b) -> e list<b>
cgen/specialize/map3/test: (xs : list<int>, y : int) -> list<int>