Tree(2, [Tree(3, []), Tree(4, [])])
 
cgen/specialize/tree-list/.copy: forall<a> (tree<a>, data : optional<a>, children : optional<list<tree<a>>>) -> tree<a>
cgen/specialize/tree-list/.lift000-mapT: forall<a,b,e> (f : (a) -> <div|e> b, xs : list<tree<a>>) -> <div|e> list<tree<b>>
cgen/specialize/tree-list/.lift000-show: (xs : list<tree<int>>) -> div list<string>
cgen/specialize/tree-list/.lift000-main: (tree<int>) -> <div,console> tree<int>
cgen/specialize/tree-list/.lift000-main: (xs : list<tree<int>>) -> <div,console> list<tree<int>>
cgen/specialize/tree-list/.mlift000-op: forall<a,e> (tree<a>, list<tree<a>>) -> <div|e> list<tree<a>>
cgen/specialize/tree-list/.mlift000-op: forall<a,b,e> (f : (a) -> <div|e> b, xx : list<tree<a>>, tree<b>) -> <div|e> list<tree<b>>
cgen/specialize/tree-list/.mlift000-mapT: forall<a,e> (a, list<tree<a>>) -> <div|e> tree<a>
cgen/specialize/tree-list/.mlift000-mapT: forall<a,b,e> (children0 : list<tree<a>>, f : (a) -> <div|e> b, b) -> <div|e> tree<b>
cgen/specialize/tree-list/children: forall<a> (tree : tree<a>) -> list<tree<a>>
cgen/specialize/tree-list/data: forall<a> (tree : tree<a>) -> a
cgen/specialize/tree-list/main: () -> <console,div> ()
cgen/specialize/tree-list/mapT: forall<a,b,e> (tree<a>, f : (a) -> <div|e> b) -> <div|e> tree<b>
cgen/specialize/tree-list/show: (tree<int>) -> div string